contract-gate: evidence: scanned 173 | 0 errors | 66 warnings | 6 exempt

STDERR:
[WARNING] skills\ai\ai-agent-commercial-operations\SKILL.md:1: missing ## Evidence Produced section
[WARNING] skills\ai\ai-agent-compliance-controls\SKILL.md:1: missing ## Evidence Produced section
[WARNING] skills\ai\ai-agent-governance-and-limits\SKILL.md:1: missing ## Evidence Produced section
[WARNING] skills\ai\ai-agent-observability-evaluation\SKILL.md:1: missing ## Evidence Produced section
[WARNING] skills\ai\ai-agent-sla-and-customer-commitments\SKILL.md:1: missing ## Evidence Produced section
[WARNING] skills\ai\ai-agent-tooling-and-hitl\SKILL.md:1: missing ## Evidence Produced section
[WARNING] skills\ai\ai-analytics\SKILL.md:1: missing ## Evidence Produced section
[WARNING] skills\ai\ai-cost-and-metering\SKILL.md:1: missing ## Evidence Produced section
[WARNING] skills\ai\ai-economic-value-engine\SKILL.md:1: missing ## Evidence Produced section
[WARNING] skills\ai\ai-incident-response\SKILL.md:1: missing ## Evidence Produced section
[WARNING] skills\architecture\ecommerce-platform-audit-requirements\SKILL.md:1: missing ## Evidence Produced section
[WARNING] skills\architecture\microservices-architecture\SKILL.md:1: missing ## Evidence Produced section
[WARNING] skills\backend-databases\mysql-engineering\SKILL.md:1: missing ## Evidence Produced section
[WARNING] skills\backend-databases\mysql-operations\SKILL.md:1: missing ## Evidence Produced section
[WARNING] skills\backend-databases\postgresql-engineering\SKILL.md:1: missing ## Evidence Produced section
[WARNING] skills\backend-databases\postgresql-operations\SKILL.md:1: missing ## Evidence Produced section
[WARNING] skills\devops-cloud\docker-development\SKILL.md:1: missing ## Evidence Produced section
[WARNING] skills\devops-cloud\infrastructure-as-code\SKILL.md:1: missing ## Evidence Produced section
[WARNING] skills\devops-cloud\kubernetes-platform\SKILL.md:1: missing ## Evidence Produced section
[WARNING] skills\finance-accounting\accounting-engine\SKILL.md:1: missing ## Evidence Produced section
[WARNING] skills\finance-accounting\accounting-finance-controller\SKILL.md:1: missing ## Evidence Produced section
[WARNING] skills\finance-accounting\electronic-fiscal-taxing\SKILL.md:1: missing ## Evidence Produced section
[WARNING] skills\finance-accounting\multicurrency-and-fx\SKILL.md:1: missing ## Evidence Produced section
[WARNING] skills\frontend-ux\avalonia-desktop-development\SKILL.md:1: missing ## Evidence Produced section
[WARNING] skills\frontend-ux\frontend-architecture\SKILL.md:1: missing ## Evidence Produced section
[WARNING] skills\frontend-ux\pos-sales-operations-engineering\SKILL.md:1: missing ## Evidence Produced section
[WARNING] skills\game-development\apple-game-platform-delivery\SKILL.md:1: missing ## Evidence Produced section
[WARNING] skills\game-development\game-2d-art-animation-and-vfx-pipeline\SKILL.md:1: missing ## Evidence Produced section
[WARNING] skills\game-development\game-3d-asset-pipeline\SKILL.md:1: missing ## Evidence Produced section
[WARNING] skills\game-development\game-accessibility-localisation-and-player-safety\SKILL.md:1: missing ## Evidence Produced section
[WARNING] skills\game-development\game-audio-implementation\SKILL.md:1: missing ## Evidence Produced section
[WARNING] skills\game-development\game-build-release-engineering\SKILL.md:1: missing ## Evidence Produced section
[WARNING] skills\game-development\game-data-analytics-and-live-economy\SKILL.md:1: missing ## Evidence Produced section
[WARNING] skills\game-development\game-development-orchestration\SKILL.md:1: missing ## Evidence Produced section
[WARNING] skills\game-development\game-math-and-simulation\SKILL.md:1: missing ## Evidence Produced section
[WARNING] skills\game-development\game-security-anti-cheat-and-abuse\SKILL.md:1: missing ## Evidence Produced section
[WARNING] skills\game-development\game-studio-delivery-and-commercial-operations\SKILL.md:1: missing ## Evidence Produced section
[WARNING] skills\game-development\game-testing-polish\SKILL.md:1: missing ## Evidence Produced section
[WARNING] skills\game-development\gameplay-systems-architecture\SKILL.md:1: missing ## Evidence Produced section
[WARNING] skills\game-development\godot-mobile-game-development\SKILL.md:1: missing ## Evidence Produced section
[WARNING] skills\game-development\lean-game-product-development\SKILL.md:1: missing ## Evidence Produced section
[WARNING] skills\game-development\level-world-and-content-production\SKILL.md:1: missing ## Evidence Produced section
[WARNING] skills\game-development\mobile-game-design\SKILL.md:1: missing ## Evidence Produced section
[WARNING] skills\game-development\mobile-game-performance\SKILL.md:1: missing ## Evidence Produced section
[WARNING] skills\game-development\mobile-game-release-liveops\SKILL.md:1: missing ## Evidence Produced section
[WARNING] skills\game-development\online-multiplayer-and-game-backend\SKILL.md:1: missing ## Evidence Produced section
[WARNING] skills\game-development\real-time-game-graphics\SKILL.md:1: missing ## Evidence Produced section
[WARNING] skills\game-development\unity-mobile-game-development\SKILL.md:1: missing ## Evidence Produced section
[WARNING] skills\game-development\unreal-game-development\SKILL.md:1: missing ## Evidence Produced section
[WARNING] skills\gis\gis-platform-engineering\SKILL.md:1: missing ## Evidence Produced section
[WARNING] skills\ios\ios-architecture\SKILL.md:1: missing ## Evidence Produced section
[WARNING] skills\ios\ios-platform-capabilities\SKILL.md:1: missing ## Evidence Produced section
[WARNING] skills\ios\ios-quality-and-release\SKILL.md:1: missing ## Evidence Produced section
[WARNING] skills\ios\ios-security-and-rbac\SKILL.md:1: missing ## Evidence Produced section
[WARNING] skills\mobile-cross\mobile-platform-operations\SKILL.md:1: missing ## Evidence Produced section
[WARNING] skills\mobile-cross\pwa-offline-first\SKILL.md:1: missing ## Evidence Produced section
[WARNING] skills\product-business\bds-intake-and-monitoring-system-spec\SKILL.md:1: missing ## Evidence Produced section
[WARNING] skills\product-business\consulting-delivery-control-room\SKILL.md:1: missing ## Evidence Produced section
[WARNING] skills\product-business\document-spreadsheet-tooling-readiness\SKILL.md:1: missing ## Evidence Produced section
[WARNING] skills\product-business\premium-software-product-execution\SKILL.md:1: missing ## Evidence Produced section
[WARNING] skills\product-business\product-discovery\SKILL.md:1: missing ## Evidence Produced section
[WARNING] skills\product-business\product-led-growth\SKILL.md:1: missing ## Evidence Produced section
[WARNING] skills\saas\full-coverage-saas-seeding\SKILL.md:1: missing ## Evidence Produced section
[WARNING] skills\saas\stripe-payments\SKILL.md:1: missing ## Evidence Produced section
[WARNING] 00-meta-initialization\new-project\SKILL.md:1: missing ## Evidence Produced section
[WARNING] 00-meta-initialization\SKILL.md:1: missing ## Evidence Produced section
